2026-09-11 00:00:44,342 [INFO] telegram_control: ✅ آخر update_id: 9166162
2026-09-11 00:00:44,345 [INFO] telegram_control: 📱 بدأ الاستماع لأوامر تلغرام
2026-09-11 00:00:49,365 [INFO] telegram_control: 📩 استقبال أمر: /help
2026-09-11 00:00:52,577 [INFO] telegram_control: 📩 استقبال أمر: /start_scalper
2026-09-11 00:00:54,520 [INFO] exchange: 🧪 وضع Sandbox (Paper Trading) مفعّل
2026-09-11 00:00:54,520 [INFO] exchange: ✅ تم تهيئة Binance Exchange بنجاح
2026-09-11 00:00:54,522 [INFO] root: SCALPER: تم التهيئة ✅
2026-09-11 00:00:54,524 [INFO] root: SCALPER: جاهز ويدير التشغيل على الإطار 1m
2026-09-11 00:00:58,412 [INFO] telegram_control: 📩 استقبال أمر: /status
2026-09-11 00:01:10,595 [INFO] telegram_control: 📩 استقبال أمر: /start_day
2026-09-11 00:01:11,034 [INFO] exchange: 🧪 وضع Sandbox (Paper Trading) مفعّل
2026-09-11 00:01:11,035 [INFO] exchange: ✅ تم تهيئة Binance Exchange بنجاح
2026-09-11 00:01:11,035 [INFO] root: DAY TRADER: تم التهيئة ✅
2026-09-11 00:01:11,035 [INFO] unified_smc: 📊 تم تهيئة محرك SMC الموحد
2026-09-11 00:01:11,036 [INFO] unified_filters: 🛡️ تم تهيئة UnifiedFilters للوضع: day، R:R الأدنى: 2.5
2026-09-11 00:01:11,036 [INFO] modes.day_trader: 👑 Day Trader Bot (SMC Enhanced) جاهز
2026-09-11 00:01:11,037 [INFO] root: DAY TRADER: جاهز ويدير التشغيل على الإطار 15m
2026-09-11 00:01:13,803 [INFO] telegram_control: 📩 استقبال أمر: /status
2026-09-11 00:01:31,390 [INFO] telegram_control: 📩 استقبال أمر: /stop_bot Scalper Bot
2026-09-11 00:01:45,782 [INFO] telegram_control: 📩 استقبال أمر: /stop_bot Scalper
2026-09-11 00:01:53,542 [INFO] telegram_control: 📩 استقبال أمر: /stop_bot
2026-09-11 00:02:17,849 [INFO] telegram_control: 📩 استقبال أمر: /stop_botscalper
2026-09-11 00:02:37,460 [INFO] telegram_control: 📩 استقبال أمر: /stop_bot scalper
2026-09-11 00:03:00,374 [INFO] telegram_control: 📩 استقبال أمر: /start_news
2026-09-11 00:03:01,064 [INFO] news_alert: 📰 بدء مراقبة الأخبار الاقتصادية...
2026-09-11 00:03:01,898 [INFO] news_alert: 🎯 خبر Tier 1: Core CPI m/m
2026-09-11 00:03:01,898 [INFO] news_alert: 🎯 خبر Tier 1: Core CPI y/y
2026-09-11 00:03:01,899 [INFO] news_alert: 🎯 خبر Tier 1: CPI m/m
2026-09-11 00:03:01,899 [INFO] news_alert: 🎯 خبر Tier 1: CPI y/y
2026-09-11 00:03:04,631 [INFO] news_alert: ✅ إشعار تلغرام أُرسل
2026-09-11 00:03:07,126 [INFO] news_alert: ✅ إشعار تلغرام أُرسل
2026-09-11 00:03:09,872 [INFO] news_alert: ✅ إشعار تلغرام أُرسل
2026-09-11 00:03:12,015 [INFO] news_alert: ✅ إشعار تلغرام أُرسل
2026-09-11 00:04:15,654 [INFO] telegram_control: 📩 استقبال أمر: /status
2026-09-11 00:04:21,370 [INFO] telegram_control: 📩 استقبال أمر: /stop_bot news
2026-09-11 00:04:26,488 [INFO] telegram_control: 📩 استقبال أمر: /status
2026-09-11 00:08:12,538 [INFO] news_alert: 🎯 خبر Tier 1: Core CPI m/m
2026-09-11 00:08:12,538 [INFO] news_alert: 🎯 خبر Tier 1: Core CPI y/y
2026-09-11 00:08:12,540 [INFO] news_alert: 🎯 خبر Tier 1: CPI m/m
2026-09-11 00:08:12,541 [INFO] news_alert: 🎯 خبر Tier 1: CPI y/y
2026-09-11 00:13:12,928 [INFO] news_alert: 🎯 خبر Tier 1: Core CPI m/m
2026-09-11 00:13:12,929 [INFO] news_alert: 🎯 خبر Tier 1: Core CPI y/y
2026-09-11 00:13:12,930 [INFO] news_alert: 🎯 خبر Tier 1: CPI m/m
2026-09-11 00:13:12,933 [INFO] news_alert: 🎯 خبر Tier 1: CPI y/y
2026-09-11 00:18:13,380 [INFO] news_alert: 🎯 خبر Tier 1: Core CPI m/m
2026-09-11 00:18:13,381 [INFO] news_alert: 🎯 خبر Tier 1: Core CPI y/y
2026-09-11 00:18:13,383 [INFO] news_alert: 🎯 خبر Tier 1: CPI m/m
2026-09-11 00:18:13,384 [INFO] news_alert: 🎯 خبر Tier 1: CPI y/y
2026-09-11 00:23:13,883 [INFO] news_alert: 🎯 خبر Tier 1: Core CPI m/m
2026-09-11 00:23:13,883 [INFO] news_alert: 🎯 خبر Tier 1: Core CPI y/y
2026-09-11 00:23:13,886 [INFO] news_alert: 🎯 خبر Tier 1: CPI m/m
2026-09-11 00:23:13,886 [INFO] news_alert: 🎯 خبر Tier 1: CPI y/y
2026-09-11 00:25:38,956 [INFO] telegram_control: 🩺 مراقب البوتات قيد التشغيل (Health Monitor)
2026-09-11 00:25:38,957 [INFO] telegram_control: 📱 بدأ الاستماع لأوامر تلغرام
2026-09-11 00:25:44,937 [INFO] telegram_control: 📩 استقبال أمر: /help
2026-09-11 00:25:47,389 [INFO] telegram_control: 📩 استقبال أمر: /status
2026-09-11 00:25:47,425 [INFO] telegram_control: 📩 استقبال أمر: /status
2026-09-11 00:25:59,796 [INFO] telegram_control: 📩 استقبال أمر: /stop_all
2026-09-11 00:26:00,208 [INFO] telegram_control: 🛑 تم إيقاف جميع البوتات عبر تلغرام
2026-09-11 00:26:06,554 [INFO] telegram_control: 📩 استقبال أمر: /status
2026-09-11 00:26:12,287 [INFO] telegram_control: 📩 استقبال أمر: /start_day
2026-09-11 00:26:12,687 [INFO] exchange: 🧪 وضع Sandbox (Paper Trading) مفعّل
2026-09-11 00:26:12,688 [INFO] exchange: ✅ تم تهيئة Binance Exchange بنجاح
2026-09-11 00:26:12,691 [INFO] root: DAY TRADER: تم التهيئة ✅
2026-09-11 00:26:12,693 [INFO] unified_smc: 📊 تم تهيئة محرك SMC الموحد
2026-09-11 00:26:12,693 [INFO] unified_filters: 🛡️ تم تهيئة UnifiedFilters للوضع: day، R:R الأدنى: 2.5
2026-09-11 00:26:12,694 [INFO] modes.day_trader: 👑 Day Trader Bot (SMC Enhanced) جاهز
2026-09-11 00:26:12,695 [INFO] root: DAY TRADER: جاهز ويدير التشغيل على الإطار 15m
2026-09-11 00:26:39,033 [INFO] telegram_control: 🛑 تم إيقاف TelegramBotController
2026-09-11 00:27:16,969 [INFO] telegram_control: 🩺 مراقب البوتات قيد التشغيل (Health Monitor)
2026-09-11 00:27:16,972 [INFO] telegram_control: 📱 بدأ الاستماع لأوامر تلغرام
2026-09-11 00:27:22,073 [INFO] telegram_control: 📩 استقبال أمر: /help
2026-09-11 00:27:26,589 [INFO] telegram_control: 📩 استقبال أمر: /status
2026-09-11 00:27:31,805 [INFO] telegram_control: 📩 استقبال أمر: /start_swing
2026-09-11 00:27:33,604 [INFO] exchange: 🧪 وضع Sandbox (Paper Trading) مفعّل
2026-09-11 00:27:33,605 [INFO] exchange: ✅ تم تهيئة Binance Exchange بنجاح
2026-09-11 00:27:33,607 [INFO] root: SWING_TRADER: تم التهيئة ✅
2026-09-11 00:27:33,609 [INFO] root: SWING_TRADER: جاهز ويدير التشغيل على الإطار N/A
2026-09-11 00:27:47,467 [INFO] telegram_control: 📩 استقبال أمر: /status
2026-09-11 00:27:58,188 [INFO] telegram_control: 📩 استقبال أمر: /stop_all
2026-09-11 00:27:58,877 [INFO] telegram_control: 🛑 تم إيقاف جميع البوتات عبر تلغرام
2026-09-11 00:28:05,360 [INFO] telegram_control: 📩 استقبال أمر: /status
2026-09-11 00:28:12,857 [INFO] telegram_control: 📩 استقبال أمر: /start_swing
2026-09-11 00:28:13,255 [INFO] exchange: 🧪 وضع Sandbox (Paper Trading) مفعّل
2026-09-11 00:28:13,255 [INFO] exchange: ✅ تم تهيئة Binance Exchange بنجاح
2026-09-11 00:28:13,256 [INFO] root: SWING_TRADER: تم التهيئة ✅
2026-09-11 00:28:13,258 [INFO] root: SWING_TRADER: جاهز ويدير التشغيل على الإطار N/A
2026-09-11 00:28:16,478 [INFO] telegram_control: 📩 استقبال أمر: /stop_all
2026-09-11 00:28:16,903 [INFO] telegram_control: 🛑 تم إيقاف جميع البوتات عبر تلغرام
2026-09-11 00:50:12,244 [INFO] telegram_control: 🛑 تم إيقاف TelegramBotController
2026-09-11 00:50:20,422 [INFO] telegram_control: 🩺 مراقب البوتات قيد التشغيل (Health Monitor)
2026-09-11 00:50:20,425 [INFO] telegram_control: 📱 بدأ الاستماع لأوامر تلغرام
2026-09-11 00:53:57,822 [INFO] telegram_control: 🛑 تم إيقاف TelegramBotController
2026-09-11 00:54:01,970 [INFO] telegram_control: 🩺 مراقب البوتات قيد التشغيل (Health Monitor)
2026-09-11 00:54:02,897 [INFO] ip_utils: ✅ البروكسي يعمل — IP: 84.187.138.213
2026-09-11 00:54:02,902 [INFO] telegram_control: 📱 بدأ الاستماع لأوامر تلغرام
2026-09-11 00:54:16,205 [INFO] telegram_control: 🛑 تم إيقاف TelegramBotController
2026-09-11 00:54:40,427 [INFO] telegram_control: 🩺 مراقب البوتات قيد التشغيل (Health Monitor)
2026-09-11 00:54:41,296 [INFO] ip_utils: ✅ البروكسي يعمل — IP: 84.187.138.213
2026-09-11 00:54:41,310 [INFO] telegram_control: 📱 بدأ الاستماع لأوامر تلغرام
2026-09-11 00:55:35,033 [INFO] telegram_control: 🛑 تم إيقاف TelegramBotController
2026-09-11 00:55:37,396 [INFO] telegram_control: 🩺 مراقب البوتات قيد التشغيل (Health Monitor)
2026-09-11 00:55:38,289 [INFO] ip_utils: ✅ البروكسي يعمل — IP: 84.187.138.213
2026-09-11 00:55:38,294 [INFO] telegram_control: 📱 بدأ الاستماع لأوامر تلغرام
2026-09-11 00:55:42,753 [INFO] telegram_control: 📩 استقبال أمر: /help
2026-09-11 00:55:45,600 [INFO] telegram_control: 📩 استقبال أمر: /start_scalper
2026-09-11 00:55:48,281 [INFO] exchange: 🧪 وضع Sandbox (Paper Trading) مفعّل
2026-09-11 00:55:48,282 [INFO] exchange: ✅ تم تهيئة Binance Exchange بنجاح
2026-09-11 00:55:48,284 [INFO] root: SCALPER: تم التهيئة ✅
2026-09-11 00:55:48,285 [INFO] root: SCALPER: جاهز ويدير التشغيل على الإطار 1m
2026-09-11 00:55:48,286 [INFO] modes.scalper: 💤 خارج منطقة الاستهداف — المسح متوقف حتى الفتح التالية
2026-09-11 00:55:52,189 [INFO] telegram_control: 📩 استقبال أمر: /stop_all
2026-09-11 00:55:53,030 [INFO] telegram_control: 🛑 تم إيقاف جميع البوتات عبر تلغرام
2026-09-11 00:56:08,035 [INFO] telegram_control: 🛑 تم إيقاف TelegramBotController
2026-09-11 01:01:29,992 [INFO] telegram_control: 🩺 مراقب البوتات قيد التشغيل (Health Monitor)
2026-09-11 01:01:30,830 [INFO] ip_utils: ✅ البروكسي يعمل — IP: 84.187.138.213
2026-09-11 01:01:31,791 [INFO] exchange: 🧪 وضع Sandbox (Paper Trading) مفعّل
2026-09-11 01:01:31,791 [INFO] exchange: ✅ تم تهيئة Binance Exchange بنجاح
2026-09-11 01:01:35,942 [ERROR] exchange: ❌ خطأ في جلب الرصيد: binance requires "apiKey" credential
2026-09-11 01:01:35,947 [INFO] telegram_control: 📱 بدأ الاستماع لأوامر تلغرام
2026-09-11 01:01:42,537 [INFO] telegram_control: 📩 استقبال أمر: /help
2026-09-11 01:01:45,305 [INFO] telegram_control: 📩 استقبال أمر: /start_day
2026-09-11 01:01:46,383 [INFO] exchange: 🧪 وضع Sandbox (Paper Trading) مفعّل
2026-09-11 01:01:46,384 [INFO] exchange: ✅ تم تهيئة Binance Exchange بنجاح
2026-09-11 01:01:46,386 [INFO] root: DAY TRADER: تم التهيئة ✅
2026-09-11 01:01:46,387 [INFO] unified_smc: 📊 تم تهيئة محرك SMC الموحد
2026-09-11 01:01:46,387 [INFO] unified_filters: 🛡️ تم تهيئة UnifiedFilters للوضع: day، R:R الأدنى: 2.5
2026-09-11 01:01:46,388 [INFO] modes.day_trader: 👑 Day Trader Bot (SMC Enhanced) جاهز
2026-09-11 01:01:46,390 [INFO] root: DAY TRADER: جاهز ويدير التشغيل على الإطار 15m
2026-09-11 01:01:46,391 [INFO] modes.day_trader: 💤 خارج منطقة الاستهداف — المسح متوقف حتى الفتح التالية
2026-09-11 01:02:21,263 [INFO] telegram_control: 🛑 تم إيقاف TelegramBotController
2026-09-11 01:07:20,647 [INFO] telegram_control: 🩺 مراقب البوتات قيد التشغيل (Health Monitor)
2026-09-11 01:07:21,670 [INFO] ip_utils: ✅ البروكسي يعمل — IP: 84.187.138.213
2026-09-11 01:07:22,371 [INFO] exchange: 🧪 وضع Sandbox (Paper Trading) مفعّل
2026-09-11 01:07:22,371 [INFO] exchange: ✅ تم تهيئة Binance Exchange بنجاح
2026-09-11 01:07:26,261 [ERROR] exchange: ❌ خطأ في جلب الرصيد: binance requires "apiKey" credential
2026-09-11 01:07:26,262 [INFO] telegram_control: 📱 بدأ الاستماع لأوامر تلغرام
2026-09-11 01:09:01,001 [INFO] telegram_control: 🛑 تم إيقاف TelegramBotController
2026-09-11 01:09:03,333 [INFO] telegram_control: 🩺 مراقب البوتات قيد التشغيل (Health Monitor)
2026-09-11 01:09:04,534 [INFO] ip_utils: ✅ البروكسي يعمل — IP: 84.187.138.213
2026-09-11 01:09:05,291 [INFO] exchange: ✅ تم تهيئة Binance Exchange بنجاح
2026-09-11 01:09:10,350 [ERROR] exchange: ❌ خطأ في جلب الرصيد: binance requires "apiKey" credential
2026-09-11 01:09:10,353 [INFO] telegram_control: 📱 بدأ الاستماع لأوامر تلغرام
2026-09-11 01:09:20,991 [INFO] telegram_control: 🛑 تم إيقاف TelegramBotController
2026-09-11 01:16:48,326 [INFO] telegram_control: 🩺 مراقب البوتات قيد التشغيل (Health Monitor)
2026-09-11 01:16:49,226 [INFO] ip_utils: ✅ البروكسي يعمل — IP: 84.187.138.213
2026-09-11 01:16:49,914 [INFO] exchange: ✅ تم تهيئة Binance Exchange بنجاح
2026-09-11 01:16:55,223 [ERROR] exchange: ❌ خطأ في جلب الرصيد: binance requires "apiKey" credential
2026-09-11 01:16:55,227 [INFO] telegram_control: 📱 بدأ الاستماع لأوامر تلغرام
2026-09-11 01:17:19,702 [INFO] telegram_control: 📩 استقبال أمر: /help
2026-09-11 01:17:23,432 [INFO] telegram_control: 📩 استقبال أمر: /start_scalper
2026-09-11 01:17:24,414 [INFO] exchange: ✅ تم تهيئة Binance Exchange بنجاح
2026-09-11 01:17:24,415 [INFO] root: SCALPER: تم التهيئة ✅
2026-09-11 01:17:24,418 [INFO] root: SCALPER: جاهز ويدير التشغيل على الإطار 1m
2026-09-11 01:17:24,419 [INFO] modes.scalper: 💤 خارج منطقة الاستهداف — المسح متوقف حتى الفتح التالية
2026-09-11 01:17:38,165 [INFO] telegram_control: 🛑 تم إيقاف TelegramBotController
2026-09-11 01:19:04,185 [INFO] telegram_control: 🩺 مراقب البوتات قيد التشغيل (Health Monitor)
2026-09-11 01:19:05,113 [INFO] ip_utils: ✅ البروكسي يعمل — IP: 84.187.138.213
2026-09-11 01:19:05,998 [INFO] exchange: ✅ تم تهيئة Binance Exchange بنجاح
2026-09-11 01:19:07,869 [WARNING] exchange: ⚠️  IP غير مصرح به: 84.187.138.213
2026-09-11 01:19:08,324 [INFO] telegram_alerts: ✅ تم إرسال إشعار تيليجرام
2026-09-11 01:19:08,328 [ERROR] exchange: ❌ خطأ في جلب الرصيد: binance {"code":-2015,"msg":"Invalid API-key, IP, or permissions for action."}
2026-09-11 01:19:08,335 [INFO] telegram_control: 📱 بدأ الاستماع لأوامر تلغرام
